2026-09-01 09:35 JST Tue  2026/9/6 = 満員 → 尚無空位。
2026-09-01 10:35 JST Tue  2026/9/6 = 満員 → 尚無空位。 
2026-09-01 11:35 JST Tue   
2026-09-01 12:35 JST Tue  2026/9/6 = 満員 → 尚無空位。 
2026-09-01 13:35 JST Tue  2026/9/6 = 満員 → 尚無空位。 
2026-09-01 14:35 JST Tue   
2026-09-01 15:37 JST Tue  2026/9/6 = 満員 → 尚無空位。 
2026-09-01 16:35 JST Tue   
2026-09-02 09:35 JST Wed   
2026-09-02 10:35 JST Wed  2026/9/6 = 満員 → 尚無空位。 
2026-09-02 11:35 JST Wed  2026/9/6 = 満員 → 尚無空位。 
2026-09-02 12:35 JST Wed  2026/9/6 = 満員 → 尚無空位。 
2026-09-02 13:35 JST Wed  2026/9/6 = 満員 → 尚無空位。 
2026-09-02 14:35 JST Wed  2026/9/6 = 満員 → 尚無空位。 
2026-09-02 15:35 JST Wed  2026/9/6 = 満員 → 尚無空位。 
2026-09-02 16:35 JST Wed  2026/9/6 = 満員 → 尚無空位。 
2026-09-03 09:35 JST Thu  2026/9/6 = 満員 → 尚無空位。
2026-09-03 10:35 JST Thu   
2026-09-03 11:35 JST Thu  2026/9/6 = 満員 → 尚無空位。 
2026-09-03 12:35 JST Thu   
2026-09-03 13:35 JST Thu  2026/9/6 = 満員 → 尚無空位。 
2026-09-03 14:35 JST Thu  2026/9/6 = 満員 → 尚無空位。 
2026-09-03 15:35 JST Thu   
2026-09-03 16:35 JST Thu  2026/9/6 = 満員 → 尚無空位。 
2026-09-04 09:35 JST Fri  🎉 2026/9/6 → 可預約(來源:set) ❌ 推播失敗:400 Client Error: Bad Request for url: https://api.line.me/v2/bot/message/push 
2026-09-04 10:35 JST Fri  🎉 2026/9/6 → 可預約(來源:set) ❌ 推播失敗:400 Client Error: Bad Request for url: https://api.line.me/v2/bot/message/push 
2026-09-04 11:35 JST Fri  🎉 2026/9/6 → 可預約(來源:set) ❌ 推播失敗:400 Client Error: Bad Request for url: https://api.line.me/v2/bot/message/push
2026-09-04 12:36 JST Fri  🎉 2026/9/6 → 可預約(來源:set) ❌ 推播失敗:400 Client Error: Bad Request for url: https://api.line.me/v2/bot/message/push 
2026-09-04 13:35 JST Fri  🎉 2026/9/6 → 可預約(來源:set) ❌ 推播失敗:400 Client Error: Bad Request for url: https://api.line.me/v2/bot/message/push
2026-09-04 14:35 JST Fri   
2026-09-04 15:35 JST Fri  🎉 2026/9/6 → 可預約(來源:set) ❌ 推播失敗:400 Client Error: Bad Request for url: https://api.line.me/v2/bot/message/push 
2026-09-04 16:35 JST Fri  🎉 2026/9/6 → 可預約(來源:set) ❌ 推播失敗:400 Client Error: Bad Request for url: https://api.line.me/v2/bot/message/push 
2026-09-07 09:35 JST Mon   
2026-09-07 10:35 JST Mon  🎉 2026/9/6 → 可預約(來源:set) ❌ 推播失敗:400 Client Error: Bad Request for url: https://api.line.me/v2/bot/message/push 
2026-09-07 11:35 JST Mon  🎉 2026/9/6 → 可預約(來源:set) ❌ 推播失敗:400 Client Error: Bad Request for url: https://api.line.me/v2/bot/message/push 
2026-09-07 12:35 JST Mon  🎉 2026/9/6 → 可預約(來源:set) ❌ 推播失敗:400 Client Error: Bad Request for url: https://api.line.me/v2/bot/message/push 
2026-09-07 13:35 JST Mon   
2026-09-07 14:35 JST Mon  🎉 2026/9/6 → 可預約(來源:set) ❌ 推播失敗:400 Client Error: Bad Request for url: https://api.line.me/v2/bot/message/push
2026-09-07 15:35 JST Mon  🎉 2026/9/6 → 可預約(來源:set) ❌ 推播失敗:400 Client Error: Bad Request for url: https://api.line.me/v2/bot/message/push 
2026-09-07 16:35 JST Mon  🎉 2026/9/6 → 可預約(來源:set) ❌ 推播失敗:400 Client Error: Bad Request for url: https://api.line.me/v2/bot/message/push 
2026-09-08 09:35 JST Tue  🎉 2026/9/6 → 可預約(來源:set) ❌ 推播失敗:400 Client Error: Bad Request for url: https://api.line.me/v2/bot/message/push 
2026-09-08 10:35 JST Tue   
2026-09-08 11:35 JST Tue   
2026-09-08 12:36 JST Tue  🎉 2026/9/6 → 可預約(來源:set) ❌ 推播失敗:400 Client Error: Bad Request for url: https://api.line.me/v2/bot/message/push
2026-09-08 13:35 JST Tue   
2026-09-08 14:35 JST Tue  🎉 2026/9/6 → 可預約(來源:set) ❌ 推播失敗:400 Client Error: Bad Request for url: https://api.line.me/v2/bot/message/push 
2026-09-08 15:35 JST Tue   
2026-09-08 16:35 JST Tue   
2026-09-09 09:35 JST Wed   
2026-09-09 10:35 JST Wed  🎉 2026/9/6 → 可預約(來源:set) ❌ 推播失敗:400 Client Error: Bad Request for url: https://api.line.me/v2/bot/message/push 
2026-09-09 11:35 JST Wed  🎉 2026/9/6 → 可預約(來源:set) ❌ 推播失敗:400 Client Error: Bad Request for url: https://api.line.me/v2/bot/message/push 
2026-09-09 12:35 JST Wed  🎉 2026/9/6 → 可預約(來源:set) ❌ 推播失敗:400 Client Error: Bad Request for url: https://api.line.me/v2/bot/message/push 
2026-09-09 13:35 JST Wed   
2026-09-09 14:35 JST Wed   
2026-09-09 15:35 JST Wed  🎉 2026/9/6 → 可預約(來源:set) ❌ 推播失敗:400 Client Error: Bad Request for url: https://api.line.me/v2/bot/message/push
2026-09-09 16:35 JST Wed  🎉 2026/9/6 → 可預約(來源:set) ❌ 推播失敗:400 Client Error: Bad Request for url: https://api.line.me/v2/bot/message/push 
2026-09-10 09:35 JST Thu  🎉 2026/9/6 → 可預約(來源:set) ❌ 推播失敗:400 Client Error: Bad Request for url: https://api.line.me/v2/bot/message/push 
2026-09-10 10:35 JST Thu  🎉 2026/9/6 → 可預約(來源:set) ❌ 推播失敗:400 Client Error: Bad Request for url: https://api.line.me/v2/bot/message/push 
2026-09-10 11:35 JST Thu   
2026-09-10 12:35 JST Thu  🎉 2026/9/6 → 可預約(來源:set) ❌ 推播失敗:400 Client Error: Bad Request for url: https://api.line.me/v2/bot/message/push 
2026-09-10 13:36 JST Thu  🎉 2026/9/6 → 可預約(來源:set) ❌ 推播失敗:400 Client Error: Bad Request for url: https://api.line.me/v2/bot/message/push
2026-09-10 14:35 JST Thu  🎉 2026/9/6 → 可預約(來源:set) ❌ 推播失敗:400 Client Error: Bad Request for url: https://api.line.me/v2/bot/message/push
2026-09-10 15:35 JST Thu   
2026-09-10 16:35 JST Thu   
2026-09-11 09:35 JST Fri  🎉 2026/9/6 → 可預約(來源:set) ❌ 推播失敗:400 Client Error: Bad Request for url: https://api.line.me/v2/bot/message/push
2026-09-11 10:30 JST Fri  CHECK  9/6=FREE  PUSH-FAILED: 400 Client Error: Bad Request for url: https://api.line.me/v2/bot/message/push
2026-09-11 10:35 JST Fri  🎉 2026/9/6 → 可預約(來源:set) ❌ 推播失敗:400 Client Error: Bad Request for url: https://api.line.me/v2/bot/message/push 
2026-09-11 11:10 JST Fri  CHECK  9/6=FREE  PUSH-FAILED: 400 Client Error: Bad Request for url: https://api.line.me/v2/bot/message/push
2026-09-11 11:35 JST Fri  🎉 2026/9/6 → 可預約(來源:set) ❌ 推播失敗:400 Client Error: Bad Request for url: https://api.line.me/v2/bot/message/push
2026-09-11 12:35 JST Fri   
2026-09-11 13:35 JST Fri   
2026-09-11 14:35 JST Fri   
2026-09-11 15:35 JST Fri  🎉 2026/9/6 → 可預約(來源:set) ❌ 推播失敗:400 Client Error: Bad Request for url: https://api.line.me/v2/bot/message/push 
2026-09-11 16:35 JST Fri  🎉 2026/9/6 → 可預約(來源:set) ❌ 推播失敗:400 Client Error: Bad Request for url: https://api.line.me/v2/bot/message/push 
2026-09-14 09:35 JST Mon  🎉 2026/9/6 → 可預約(來源:set) ❌ 推播失敗:400 Client Error: Bad Request for url: https://api.line.me/v2/bot/message/push 
2026-09-14 10:06 JST Mon  CHECK  9/6=FREE  PUSH-FAILED: 400 Client Error: Bad Request for url: https://api.line.me/v2/bot/message/push
2026-09-14 10:30 JST Mon  CHECK  9/6=FREE  PUSH-FAILED: 400 Client Error: Bad Request for url: https://api.line.me/v2/bot/message/push
2026-09-14 10:35 JST Mon  🎉 2026/9/6 → 可預約(來源:set) ❌ 推播失敗:400 Client Error: Bad Request for url: https://api.line.me/v2/bot/message/push 
2026-09-14 11:00 JST Mon  CHECK  9/6=FREE  PUSH-FAILED: 400 Client Error: Bad Request for url: https://api.line.me/v2/bot/message/push
2026-09-14 11:30 JST Mon  CHECK  9/6=FREE  PUSH-FAILED: 400 Client Error: Bad Request for url: https://api.line.me/v2/bot/message/push
2026-09-14 11:35 JST Mon   
2026-09-14 12:00 JST Mon  CHECK  9/6=FREE  PUSH-FAILED: 400 Client Error: Bad Request for url: https://api.line.me/v2/bot/message/push
2026-09-14 12:30 JST Mon  CHECK  9/6=FREE  PUSH-FAILED: 400 Client Error: Bad Request for url: https://api.line.me/v2/bot/message/push
2026-09-14 12:35 JST Mon  🎉 2026/9/6 → 可預約(來源:set) ❌ 推播失敗:400 Client Error: Bad Request for url: https://api.line.me/v2/bot/message/push
2026-09-14 13:00 JST Mon  CHECK  9/6=FREE  PUSH-FAILED: 400 Client Error: Bad Request for url: https://api.line.me/v2/bot/message/push
2026-09-14 13:30 JST Mon  CHECK  9/6=FREE  PUSH-FAILED: 400 Client Error: Bad Request for url: https://api.line.me/v2/bot/message/push
2026-09-14 13:35 JST Mon  🎉 2026/9/6 → 可預約(來源:set) ❌ 推播失敗:400 Client Error: Bad Request for url: https://api.line.me/v2/bot/message/push
2026-09-14 14:00 JST Mon  CHECK  9/6=FREE  PUSH-FAILED: 400 Client Error: Bad Request for url: https://api.line.me/v2/bot/message/push
2026-09-14 14:30 JST Mon  CHECK  9/6=FREE  PUSH-FAILED: 400 Client Error: Bad Request for url: https://api.line.me/v2/bot/message/push
2026-09-14 14:35 JST Mon  🎉 2026/9/6 → 可預約(來源:set) ❌ 推播失敗:400 Client Error: Bad Request for url: https://api.line.me/v2/bot/message/push
2026-09-14 15:00 JST Mon  CHECK  9/6=FREE  PUSH-FAILED: 400 Client Error: Bad Request for url: https://api.line.me/v2/bot/message/push
2026-09-14 15:30 JST Mon  CHECK  9/6=FREE  PUSH-FAILED: 400 Client Error: Bad Request for url: https://api.line.me/v2/bot/message/push
2026-09-14 15:35 JST Mon   
2026-09-14 16:00 JST Mon  CHECK  9/6=FREE  PUSH-FAILED: 400 Client Error: Bad Request for url: https://api.line.me/v2/bot/message/push
2026-09-14 16:30 JST Mon  CHECK  9/6=FREE  PUSH-FAILED: 400 Client Error: Bad Request for url: https://api.line.me/v2/bot/message/push
2026-09-14 16:35 JST Mon  🎉 2026/9/6 → 可預約(來源:set) ❌ 推播失敗:400 Client Error: Bad Request for url: https://api.line.me/v2/bot/message/push 
2026-09-15 10:00 JST Tue  CHECK  9/6=FREE  PUSH-FAILED: 400 Client Error: Bad Request for url: https://api.line.me/v2/bot/message/push
2026-09-15 10:35 JST Tue  CHECK  9/6=FREE  PUSH-FAILED: 400 Client Error: Bad Request for url: https://api.line.me/v2/bot/message/push
2026-09-15 11:00 JST Tue  CHECK  9/6=FREE  PUSH-FAILED: 400 Client Error: Bad Request for url: https://api.line.me/v2/bot/message/push
2026-09-15 11:30 JST Tue  CHECK  9/6=FREE  PUSH-FAILED: 400 Client Error: Bad Request for url: https://api.line.me/v2/bot/message/push
2026-09-15 12:00 JST Tue  CHECK  9/6=FREE  PUSH-FAILED: 400 Client Error: Bad Request for url: https://api.line.me/v2/bot/message/push
2026-09-15 12:30 JST Tue  CHECK  9/6=FREE  PUSH-FAILED: 400 Client Error: Bad Request for url: https://api.line.me/v2/bot/message/push
2026-09-15 13:00 JST Tue  CHECK  9/6=FREE  PUSH-FAILED: 400 Client Error: Bad Request for url: https://api.line.me/v2/bot/message/push
2026-09-15 13:38 JST Tue  CHECK  9/6=FREE  PUSH-FAILED: 400 Client Error: Bad Request for url: https://api.line.me/v2/bot/message/push
2026-09-15 14:48 JST Tue  CHECK  9/6=FREE  PUSH-FAILED: 400 Client Error: Bad Request for url: https://api.line.me/v2/bot/message/push
2026-09-15 15:00 JST Tue  CHECK  9/6=FREE  PUSH-FAILED: 400 Client Error: Bad Request for url: https://api.line.me/v2/bot/message/push
2026-09-15 15:30 JST Tue  CHECK  9/6=FREE  PUSH-FAILED: 400 Client Error: Bad Request for url: https://api.line.me/v2/bot/message/push
2026-09-15 16:13 JST Tue  CHECK  9/6=FREE  PUSH-FAILED: 400 Client Error: Bad Request for url: https://api.line.me/v2/bot/message/push
2026-09-15 16:30 JST Tue  CHECK  9/6=FREE  PUSH-FAILED: 400 Client Error: Bad Request for url: https://api.line.me/v2/bot/message/push
2026-09-16 10:00 JST Wed  CHECK  9/6=FREE  PUSH-FAILED: 400 Client Error: Bad Request for url: https://api.line.me/v2/bot/message/push
2026-09-16 10:30 JST Wed  CHECK  9/6=FREE  PUSH-FAILED: 400 Client Error: Bad Request for url: https://api.line.me/v2/bot/message/push
2026-09-16 11:00 JST Wed  CHECK  9/6=FREE  PUSH-FAILED: 400 Client Error: Bad Request for url: https://api.line.me/v2/bot/message/push
2026-09-16 12:00 JST Wed  CHECK  9/6=FREE  PUSH-FAILED: 400 Client Error: Bad Request for url: https://api.line.me/v2/bot/message/push
2026-09-16 12:30 JST Wed  CHECK  9/6=FREE  PUSH-FAILED: 400 Client Error: Bad Request for url: https://api.line.me/v2/bot/message/push
2026-09-16 13:00 JST Wed  CHECK  9/6=FREE  PUSH-FAILED: 400 Client Error: Bad Request for url: https://api.line.me/v2/bot/message/push
2026-09-16 13:30 JST Wed  CHECK  9/6=FREE  PUSH-FAILED: 400 Client Error: Bad Request for url: https://api.line.me/v2/bot/message/push
2026-09-16 14:00 JST Wed  CHECK  9/6=FREE  PUSH-FAILED: 400 Client Error: Bad Request for url: https://api.line.me/v2/bot/message/push
2026-09-16 15:00 JST Wed  CHECK  9/6=FREE  PUSH-FAILED: 400 Client Error: Bad Request for url: https://api.line.me/v2/bot/message/push
2026-09-16 16:30 JST Wed  CHECK  9/6=FREE  PUSH-FAILED: 400 Client Error: Bad Request for url: https://api.line.me/v2/bot/message/push
2026-09-17 10:47 JST Thu  CHECK  9/6=FREE  PUSH-FAILED: 400 Client Error: Bad Request for url: https://api.line.me/v2/bot/message/push
2026-09-17 11:00 JST Thu  CHECK  9/6=FREE  PUSH-FAILED: 400 Client Error: Bad Request for url: https://api.line.me/v2/bot/message/push
2026-09-17 12:00 JST Thu  CHECK  9/6=FREE  PUSH-FAILED: 400 Client Error: Bad Request for url: https://api.line.me/v2/bot/message/push
2026-09-17 12:30 JST Thu  CHECK  9/6=FREE  PUSH-FAILED: 400 Client Error: Bad Request for url: https://api.line.me/v2/bot/message/push
2026-09-17 13:00 JST Thu  CHECK  9/6=FREE  PUSH-FAILED: 400 Client Error: Bad Request for url: https://api.line.me/v2/bot/message/push
2026-09-17 15:00 JST Thu  CHECK  9/6=FREE  PUSH-FAILED: 400 Client Error: Bad Request for url: https://api.line.me/v2/bot/message/push
2026-09-17 15:30 JST Thu  CHECK  9/6=FREE  PUSH-FAILED: 400 Client Error: Bad Request for url: https://api.line.me/v2/bot/message/push
2026-09-17 16:03 JST Thu  CHECK  9/6=FREE  PUSH-FAILED: 400 Client Error: Bad Request for url: https://api.line.me/v2/bot/message/push
2026-09-17 16:30 JST Thu  CHECK  9/6=FREE  PUSH-FAILED: 400 Client Error: Bad Request for url: https://api.line.me/v2/bot/message/push
2026-09-18 11:30 JST Fri  CHECK  9/6=FREE  PUSH-FAILED: 400 Client Error: Bad Request for url: https://api.line.me/v2/bot/message/push
2026-09-18 12:00 JST Fri  CHECK  9/6=FREE  PUSH-FAILED: 400 Client Error: Bad Request for url: https://api.line.me/v2/bot/message/push
2026-09-18 12:30 JST Fri  CHECK  9/6=FREE  PUSH-FAILED: 400 Client Error: Bad Request for url: https://api.line.me/v2/bot/message/push
2026-09-18 13:00 JST Fri  CHECK  9/6=FREE  PUSH-FAILED: 400 Client Error: Bad Request for url: https://api.line.me/v2/bot/message/push
2026-09-18 13:30 JST Fri  CHECK  9/6=FREE  PUSH-FAILED: 400 Client Error: Bad Request for url: https://api.line.me/v2/bot/message/push
2026-09-18 14:48 JST Fri  CHECK  9/6=FREE  PUSH-FAILED: 400 Client Error: Bad Request for url: https://api.line.me/v2/bot/message/push
2026-09-18 15:30 JST Fri  CHECK  9/6=FREE  PUSH-FAILED: 400 Client Error: Bad Request for url: https://api.line.me/v2/bot/message/push
2026-09-18 16:00 JST Fri  CHECK  9/6=FREE  PUSH-FAILED: 400 Client Error: Bad Request for url: https://api.line.me/v2/bot/message/push
2026-09-18 16:30 JST Fri  CHECK  9/6=FREE  PUSH-FAILED: 400 Client Error: Bad Request for url: https://api.line.me/v2/bot/message/push
2026-09-21 11:30 JST Mon  CHECK  9/6=FREE  PUSH-FAILED: 400 Client Error: Bad Request for url: https://api.line.me/v2/bot/message/push
2026-09-21 12:00 JST Mon  CHECK  9/6=FREE  PUSH-FAILED: 400 Client Error: Bad Request for url: https://api.line.me/v2/bot/message/push
2026-09-21 12:30 JST Mon  CHECK  9/6=FREE  PUSH-FAILED: 400 Client Error: Bad Request for url: https://api.line.me/v2/bot/message/push
2026-09-21 13:00 JST Mon  CHECK  9/6=FREE  PUSH-FAILED: 400 Client Error: Bad Request for url: https://api.line.me/v2/bot/message/push
2026-09-21 13:30 JST Mon  CHECK  9/6=FREE  PUSH-FAILED: 400 Client Error: Bad Request for url: https://api.line.me/v2/bot/message/push
2026-09-21 14:09 JST Mon  CHECK  9/6=FREE  PUSH-FAILED: 400 Client Error: Bad Request for url: https://api.line.me/v2/bot/message/push
2026-09-21 14:36 JST Mon  CHECK  9/6=FREE  PUSH-FAILED: 400 Client Error: Bad Request for url: https://api.line.me/v2/bot/message/push
2026-09-21 15:00 JST Mon  CHECK  9/6=FREE  PUSH-FAILED: 400 Client Error: Bad Request for url: https://api.line.me/v2/bot/message/push
2026-09-21 15:30 JST Mon  CHECK  9/6=FREE  PUSH-FAILED: 400 Client Error: Bad Request for url: https://api.line.me/v2/bot/message/push
2026-09-21 16:00 JST Mon  CHECK  9/6=FREE  PUSH-FAILED: 400 Client Error: Bad Request for url: https://api.line.me/v2/bot/message/push
2026-09-21 16:30 JST Mon  CHECK  9/6=FREE  PUSH-FAILED: 400 Client Error: Bad Request for url: https://api.line.me/v2/bot/message/push
2026-09-22 10:00 JST Tue  CHECK  9/6=FREE  PUSH-FAILED: 400 Client Error: Bad Request for url: https://api.line.me/v2/bot/message/push
2026-09-22 10:30 JST Tue  CHECK  9/6=FREE  PUSH-FAILED: 400 Client Error: Bad Request for url: https://api.line.me/v2/bot/message/push
2026-09-22 11:30 JST Tue  CHECK  9/6=FREE  PUSH-FAILED: 400 Client Error: Bad Request for url: https://api.line.me/v2/bot/message/push
2026-09-22 12:00 JST Tue  CHECK  9/6=FREE  PUSH-FAILED: 400 Client Error: Bad Request for url: https://api.line.me/v2/bot/message/push
2026-09-22 12:30 JST Tue  CHECK  9/6=FREE  PUSH-FAILED: 400 Client Error: Bad Request for url: https://api.line.me/v2/bot/message/push
2026-09-22 13:03 JST Tue  CHECK  9/6=FREE  PUSH-FAILED: 400 Client Error: Bad Request for url: https://api.line.me/v2/bot/message/push
2026-09-22 13:35 JST Tue  CHECK  9/6=FREE  PUSH-FAILED: 400 Client Error: Bad Request for url: https://api.line.me/v2/bot/message/push
2026-09-22 14:12 JST Tue  CHECK  9/6=FREE  PUSH-FAILED: 400 Client Error: Bad Request for url: https://api.line.me/v2/bot/message/push
2026-09-22 14:30 JST Tue  CHECK  9/6=FREE  PUSH-FAILED: 400 Client Error: Bad Request for url: https://api.line.me/v2/bot/message/push
2026-09-22 15:00 JST Tue  CHECK  9/6=FREE  PUSH-FAILED: 400 Client Error: Bad Request for url: https://api.line.me/v2/bot/message/push
2026-09-22 15:30 JST Tue  CHECK  9/6=FREE  PUSH-FAILED: 400 Client Error: Bad Request for url: https://api.line.me/v2/bot/message/push
2026-09-22 16:00 JST Tue  CHECK  9/6=FREE  PUSH-FAILED: 400 Client Error: Bad Request for url: https://api.line.me/v2/bot/message/push
2026-09-22 16:30 JST Tue  CHECK  9/6=FREE  PUSH-FAILED: 400 Client Error: Bad Request for url: https://api.line.me/v2/bot/message/push
2026-09-23 10:00 JST Wed  CHECK  9/6=FREE  PUSH-FAILED: 400 Client Error: Bad Request for url: https://api.line.me/v2/bot/message/push
2026-09-23 10:40 JST Wed  CHECK  9/6=FREE  PUSH-FAILED: 400 Client Error: Bad Request for url: https://api.line.me/v2/bot/message/push
2026-09-23 11:30 JST Wed  CHECK  9/6=FREE  PUSH-FAILED: 400 Client Error: Bad Request for url: https://api.line.me/v2/bot/message/push
2026-09-23 12:00 JST Wed  CHECK  9/6=FREE  PUSH-FAILED: 400 Client Error: Bad Request for url: https://api.line.me/v2/bot/message/push
2026-09-23 12:30 JST Wed  CHECK  9/6=FREE  PUSH-FAILED: 400 Client Error: Bad Request for url: https://api.line.me/v2/bot/message/push
2026-09-23 13:00 JST Wed  CHECK  9/6=FREE  PUSH-FAILED: 400 Client Error: Bad Request for url: https://api.line.me/v2/bot/message/push
2026-09-23 13:32 JST Wed  CHECK  9/6=FREE  PUSH-FAILED: 400 Client Error: Bad Request for url: https://api.line.me/v2/bot/message/push
2026-09-23 14:11 JST Wed  CHECK  9/6=FREE  PUSH-FAILED: 400 Client Error: Bad Request for url: https://api.line.me/v2/bot/message/push
2026-09-23 14:31 JST Wed  CHECK  9/6=FREE  PUSH-FAILED: 400 Client Error: Bad Request for url: https://api.line.me/v2/bot/message/push
2026-09-23 15:00 JST Wed  CHECK  9/6=FREE  PUSH-FAILED: 400 Client Error: Bad Request for url: https://api.line.me/v2/bot/message/push
2026-09-23 15:30 JST Wed  CHECK  9/6=FREE  PUSH-FAILED: 400 Client Error: Bad Request for url: https://api.line.me/v2/bot/message/push
2026-09-23 16:00 JST Wed  CHECK  9/6=FREE  PUSH-FAILED: 400 Client Error: Bad Request for url: https://api.line.me/v2/bot/message/push
2026-09-23 16:30 JST Wed  CHECK  9/6=FREE  PUSH-FAILED: 400 Client Error: Bad Request for url: https://api.line.me/v2/bot/message/push
